// Jest Snapshot v1, https://goo.gl/fbAQLP

exports[`<AuthCallback/> should render null 1`] = `null`;
